                                                                           
                                                                           
***************************************************************************
***                                                                     ***
***                                                                     ***
***          __  __ ____   ____ _                                       ***
***         |  \/  |  _ \ / ___| |__   ___ _ __ ___                     ***
***         | |\/| | |_) | |   | '_ \ / _ \ '_ ` _ \                    ***
***         | |  | |  _ <| |___| | | |  __/ | | | | |                   ***
***         |_|  |_|_| \_\\____|_| |_|\___|_| |_| |_|                   ***
***                                                                     ***
***         VERSION            1.2.0-alpha                              ***
***                                                                     ***
***         Git branch         master                                   ***
***         Git commit hash    60b28085698bcbe7db1f-dirty               ***
***         Git commit author  gitpeterwind                             ***
***         Git commit date    Fri Oct 10 11:40:35 2025 +0200           ***
***                                                                     ***
***         Contact: luca.frediani@uit.no                               ***
***                                                                     ***
***         Radovan Bast            Magnar Bjorgve                      ***
***         Roberto Di Remigio      Antoine Durdek                      ***
***         Luca Frediani           Gabriel Gerez                       ***
***         Stig Rune Jensen        Jonas Juselius                      ***
***         Rune Monstad            Peter Wind                          ***
***                                                                     ***
***************************************************************************

---------------------------------------------------------------------------

 MPI processes           :       (no bank)                               1
 OpenMP threads          :                                               8
 Total cores             :                                               8
                                                                           
---------------------------------------------------------------------------

XCFun DFT library Copyright 2009-2020 Ulf Ekstrom and contributors.
See http://dftlibs.org/xcfun/ for more information.

This is free software; see the source code for copying conditions.
There is ABSOLUTELY NO WARRANTY; not even for MERCHANTABILITY or
FITNESS FOR A PARTICULAR PURPOSE. For details see the documentation.
Scientific users of this library should cite
U. Ekstrom, L. Visscher, R. Bast, A. J. Thorvaldsen and K. Ruud;
J.Chem.Theor.Comp. 2010, DOI: 10.1021/ct100117s

---------------------------------------------------------------------------

 MRCPP version         : 1.6.0-alpha
 Git branch            : master
 Git commit hash       : f0000a79200044229a5d
 Git commit author     : gitpeterwind
 Git commit date       : Fri Oct 10 09:04:34 2025 +0200

 Linear algebra        : EIGEN v3.4.0
 Parallelization       : MPI/OpenMP (8 threads)

---------------------------------------------------------------------------


                                                                           
===========================================================================
                         MultiResolution Analysis
---------------------------------------------------------------------------
 polynomial order      : 5
 polynomial type       : Interpolating
---------------------------------------------------------------------------
 total boxes           : 8
 boxes                 : [          2           2           2 ]
 unit lengths          : [   64.00000    64.00000    64.00000 ]
 scaling factor        : [    1.00000     1.00000     1.00000 ]
 lower bounds          : [  -64.00000   -64.00000   -64.00000 ]
 upper bounds          : [   64.00000    64.00000    64.00000 ]
 total length          : [  128.00000   128.00000   128.00000 ]
===========================================================================


                                                                           
***************************************************************************
***                                                                     ***
***                        Initializing Molecule                        ***
***                                                                     ***
***************************************************************************
                                                                           
                                                                           
===========================================================================
                                 Molecule
---------------------------------------------------------------------------
 Charge                  :                                               0
 Multiplicity            :                                               1
---------------------------------------------------------------------------
    N    Atom            :               x               y               z
---------------------------------------------------------------------------
    0       F            :       -2.257974       -0.462275        0.644277
    1       H            :       -3.160577       -0.746598        2.092507
---------------------------------------------------------------------------
 Center of mass          :       -2.303448       -0.476600        0.717240
===========================================================================


                                                                           
***************************************************************************
***                                                                     ***
***                Computing Initial Guess Wavefunction                 ***
***                                                                     ***
***************************************************************************
                                                                           
                                                                           
~~~~~~~~~~~~~~~~~~~~~~~~~~~~~~~~~~~~~~~~~~~~~~~~~~~~~~~~~~~~~~~~~~~~~~~~~~~
 Calculation             : Compute initial orbitals
 Method                  : Diagonalize Core Hamiltonian matrix
 Precision               : 1.00000e-03
 Restricted              : True
 AO basis                : Hydrogenic orbitals
 Zeta quality            : 2
~~~~~~~~~~~~~~~~~~~~~~~~~~~~~~~~~~~~~~~~~~~~~~~~~~~~~~~~~~~~~~~~~~~~~~~~~~~


===========================================================================
                            Molecular Orbitals
---------------------------------------------------------------------------
 Alpha electrons         :                                               5
 Beta electrons          :                                               5
 Total electrons         :                                              10
---------------------------------------------------------------------------
    n  Occ Spin          :                                            Norm
---------------------------------------------------------------------------
    0    2    p          :                              9.996812789590e-01
    1    2    p          :                              9.998694293756e-01
    2    2    p          :                              9.999998231017e-01
    3    2    p          :                              9.999999836389e-01
    4    2    p          :                              9.999998001090e-01
===========================================================================


~~~~~~~~~~~~~~~~~~~~~~~~~~~~~~~~~~~~~~~~~~~~~~~~~~~~~~~~~~~~~~~~~~~~~~~~~~~
 Calculation             : Compute initial energy
 Method                  : DFT (BLYP)
 Relativity              : None
 Environment             : None
 External fields         : None
 Precision               : 1.00000e-03
 Localization            : Off
~~~~~~~~~~~~~~~~~~~~~~~~~~~~~~~~~~~~~~~~~~~~~~~~~~~~~~~~~~~~~~~~~~~~~~~~~~~


===========================================================================
                        Molecular Energy (initial)
---------------------------------------------------------------------------
 Kinetic energy          :            (au)                163.869957524159
 E-N energy              :            (au)               -329.770913433706
 Coulomb energy          :            (au)                 94.651043608099
 Exchange energy         :            (au)                  0.000000000000
 X-C energy              :            (au)                -16.081758084932
 N-N energy              :            (au)                  5.202312141019
---------------------------------------------------------------------------
 Electronic energy       :            (au)                -87.331670386380
 Nuclear energy          :            (au)                  5.202312141019
---------------------------------------------------------------------------
 Total energy            :            (au)             -8.212935824536e+01
                         :      (kcal/mol)             -5.153695039768e+04
                         :        (kJ/mol)             -2.156306004639e+05
                         :            (eV)             -2.234853689350e+03
===========================================================================


===========================================================================
                        Orbital Energies (initial)
---------------------------------------------------------------------------
    n  Occ Spin          :                                         Epsilon
---------------------------------------------------------------------------
    0    2    p          :            (au)                -16.188997304518
    1    2    p          :            (au)                  3.197062117683
    2    2    p          :            (au)                  4.744873362651
    3    2    p          :            (au)                  4.767570460468
    4    2    p          :            (au)                  4.768191191106
---------------------------------------------------------------------------
 Sum occupied            :            (au)                  2.577399654781
===========================================================================


                                                                           
***************************************************************************
***                                                                     ***
***                    Printing Molecular Properties                    ***
***                                                                     ***
***************************************************************************
                                                                           
                                                                           
===========================================================================
                                 Molecule
---------------------------------------------------------------------------
 Charge                  :                                               0
 Multiplicity            :                                               1
---------------------------------------------------------------------------
    N    Atom            :               x               y               z
---------------------------------------------------------------------------
    0       F            :       -2.257974       -0.462275        0.644277
    1       H            :       -3.160577       -0.746598        2.092507
---------------------------------------------------------------------------
 Center of mass          :       -2.303448       -0.476600        0.717240
===========================================================================


===========================================================================
                         Molecular Energy (final)
---------------------------------------------------------------------------
 Kinetic energy          :            (au)                163.869957524159
 E-N energy              :            (au)               -329.770913433706
 Coulomb energy          :            (au)                 94.651043608099
 Exchange energy         :            (au)                  0.000000000000
 X-C energy              :            (au)                -16.081758084932
 N-N energy              :            (au)                  5.202312141019
---------------------------------------------------------------------------
 Electronic energy       :            (au)                -87.331670386380
 Nuclear energy          :            (au)                  5.202312141019
---------------------------------------------------------------------------
 Total energy            :            (au)             -8.212935824536e+01
                         :      (kcal/mol)             -5.153695039768e+04
                         :        (kJ/mol)             -2.156306004639e+05
                         :            (eV)             -2.234853689350e+03
===========================================================================


===========================================================================
                         Orbital Energies (final)
---------------------------------------------------------------------------
    n  Occ Spin          :                                         Epsilon
---------------------------------------------------------------------------
    0    2    p          :            (au)                -16.188997304518
    1    2    p          :            (au)                  3.197062117683
    2    2    p          :            (au)                  4.744873362651
    3    2    p          :            (au)                  4.767570460468
    4    2    p          :            (au)                  4.768191191106
---------------------------------------------------------------------------
 Sum occupied            :            (au)                  2.577399654781
===========================================================================


===========================================================================
                           Dipole Moment (dip-1)
---------------------------------------------------------------------------
 r_O                     :        0.000000        0.000000        0.000000
---------------------------------------------------------------------------
 Electronic vector       :       22.585137        4.622958       -6.451441
 Magnitude               :            (au)                       23.939115
                         :         (Debye)                       60.847162
---------------------------------------------------------------------------
 Nuclear vector          :      -23.482344       -4.907073        7.890998
 Magnitude               :            (au)                       25.254063
                         :         (Debye)                       64.189426
---------------------------------------------------------------------------
 Total vector            :       -0.897207       -0.284116        1.439558
 Magnitude               :            (au)                        1.719892
                         :         (Debye)                        4.371529
===========================================================================


===========================================================================
                       Geometric Derivative (geom-1)
---------------------------------------------------------------------------
 Total                   :        0.126052        0.067085       -0.242930
                         :        0.408234        0.128509       -0.652749
 Norm                    :            (au)                        0.829853
---------------------------------------------------------------------------
 Nuclear                 :       -1.568920       -0.494215        2.517339
                         :        1.568920        0.494215       -2.517339
 Norm                    :            (au)                        4.252705
---------------------------------------------------------------------------
 Electronic              :        1.694971        0.561300       -2.760268
                         :       -1.160685       -0.365706        1.864589
 Norm                    :            (au)                        3.970478
---------------------------------------------------------------------------
 Est. var. of force error:            (au)                      4.3320e-01
===========================================================================


                                                                           
                                                                           
***************************************************************************
***                                                                     ***
***                            Exiting MRChem                           ***
***                                                                     ***
***                       Wall time :  0h  0m  6s                       ***
***                                                                     ***
***************************************************************************
                                                                           
                                                                           
