                                                                           
                                                                           
***************************************************************************
***                                                                     ***
***                                                                     ***
***          __  __ ____   ____ _                                       ***
***         |  \/  |  _ \ / ___| |__   ___ _ __ ___                     ***
***         | |\/| | |_) | |   | '_ \ / _ \ '_ ` _ \                    ***
***         | |  | |  _ <| |___| | | |  __/ | | | | |                   ***
***         |_|  |_|_| \_\\____|_| |_|\___|_| |_| |_|                   ***
***                                                                     ***
***         VERSION            1.2.0-alpha                              ***
***                                                                     ***
***         Git branch         text                                     ***
***         Git commit hash    20e53b0ebebbbed503cb-dirty               ***
***         Git commit author  gitpeterwind                             ***
***         Git commit date    Thu Feb 20 16:31:25 2025 +0100           ***
***                                                                     ***
***         Contact: luca.frediani@uit.no                               ***
***                                                                     ***
***         Radovan Bast            Magnar Bjorgve                      ***
***         Roberto Di Remigio      Antoine Durdek                      ***
***         Luca Frediani           Gabriel Gerez                       ***
***         Stig Rune Jensen        Jonas Juselius                      ***
***         Rune Monstad            Peter Wind                          ***
***                                                                     ***
***************************************************************************

---------------------------------------------------------------------------

 MPI processes           :       (no bank)                               1
 OpenMP threads          :                                               8
 Total cores             :                                               8
                                                                           
---------------------------------------------------------------------------

XCFun DFT library Copyright 2009-2020 Ulf Ekstrom and contributors.
See http://dftlibs.org/xcfun/ for more information.

This is free software; see the source code for copying conditions.
There is ABSOLUTELY NO WARRANTY; not even for MERCHANTABILITY or
FITNESS FOR A PARTICULAR PURPOSE. For details see the documentation.
Scientific users of this library should cite
U. Ekstrom, L. Visscher, R. Bast, A. J. Thorvaldsen and K. Ruud;
J.Chem.Theor.Comp. 2010, DOI: 10.1021/ct100117s

---------------------------------------------------------------------------

 MRCPP version         : 1.6.0-alpha
 Git branch            : merge
 Git commit hash       : d82d0d16fbefc341d12f
 Git commit author     : gitpeterwind
 Git commit date       : Thu Feb 20 16:02:13 2025 +0100

 Linear algebra        : EIGEN v3.4.0
 Parallelization       : MPI/OpenMP (8 threads)

---------------------------------------------------------------------------


                                                                           
===========================================================================
                         MultiResolution Analysis
---------------------------------------------------------------------------
 polynomial order      : 6
 polynomial type       : Interpolating
---------------------------------------------------------------------------
 total boxes           : 8
 boxes                 : [          2           2           2 ]
 unit lengths          : [   32.00000    32.00000    32.00000 ]
 scaling factor        : [    1.00000     1.00000     1.00000 ]
 lower bounds          : [  -32.00000   -32.00000   -32.00000 ]
 upper bounds          : [   32.00000    32.00000    32.00000 ]
 total length          : [   64.00000    64.00000    64.00000 ]
===========================================================================


                                                                           
***************************************************************************
***                                                                     ***
***                        Initializing Molecule                        ***
***                                                                     ***
***************************************************************************
                                                                           
                                                                           
===========================================================================
                                 Molecule
---------------------------------------------------------------------------
 Charge                  :                                               0
 Multiplicity            :                                               1
---------------------------------------------------------------------------
    N    Atom            :               x               y               z
---------------------------------------------------------------------------
    0       O            :        0.000000        0.000000       -0.128683
    1       H            :       -1.437500        0.000000        1.021317
    2       H            :        1.437500        0.000000        1.021317
---------------------------------------------------------------------------
 Center of mass          :        0.000000        0.000000       -0.000000
===========================================================================


                                                                           
***************************************************************************
***                                                                     ***
***                Computing Initial Guess Wavefunction                 ***
***                                                                     ***
***************************************************************************
                                                                           
                                                                           
~~~~~~~~~~~~~~~~~~~~~~~~~~~~~~~~~~~~~~~~~~~~~~~~~~~~~~~~~~~~~~~~~~~~~~~~~~~
 Calculation             : Compute initial orbitals
 Method                  : Project GTO molecular orbitals
 Precision               : 1.00000e-03
 Screening               : 1.60000e+01 StdDev
 Restricted              : True
 MO file                 : initial_guess/mrchem.mop
~~~~~~~~~~~~~~~~~~~~~~~~~~~~~~~~~~~~~~~~~~~~~~~~~~~~~~~~~~~~~~~~~~~~~~~~~~~


===========================================================================
                            Molecular Orbitals
---------------------------------------------------------------------------
 Alpha electrons         :                                               5
 Beta electrons          :                                               5
 Total electrons         :                                              10
---------------------------------------------------------------------------
    n  Occ Spin          :                                            Norm
---------------------------------------------------------------------------
    0    2    p          :                              1.000000203320e+00
    1    2    p          :                              1.000000064900e+00
    2    2    p          :                              9.999999960131e-01
    3    2    p          :                              1.000000004599e+00
    4    2    p          :                              9.999999947944e-01
===========================================================================


~~~~~~~~~~~~~~~~~~~~~~~~~~~~~~~~~~~~~~~~~~~~~~~~~~~~~~~~~~~~~~~~~~~~~~~~~~~
 Calculation             : Compute initial energy
 Method                  : DFT
 Relativity              : None
 Environment             : None
 External fields         : None
 Precision               : 1.00000e-03
 Localization            : On
~~~~~~~~~~~~~~~~~~~~~~~~~~~~~~~~~~~~~~~~~~~~~~~~~~~~~~~~~~~~~~~~~~~~~~~~~~~


===========================================================================
                        Molecular Energy (initial)
---------------------------------------------------------------------------
 Kinetic energy          :            (au)                 75.846573654573
 E-N energy              :            (au)               -198.660129045640
 Coulomb energy          :            (au)                 46.762200737352
 Exchange energy         :            (au)                  0.000000000000
 X-C energy              :            (au)                 -9.318950156546
 N-N energy              :            (au)                  9.039235444235
---------------------------------------------------------------------------
 Electronic energy       :            (au)                -85.370304810260
 Nuclear energy          :            (au)                  9.039235444235
---------------------------------------------------------------------------
 Total energy            :            (au)             -7.633106936602e+01
                         :      (kcal/mol)             -4.789846919254e+04
                         :        (kJ/mol)             -2.004071951016e+05
                         :            (eV)             -2.077074211088e+03
===========================================================================


===========================================================================
                        Orbital Energies (initial)
---------------------------------------------------------------------------
    n  Occ Spin          :                                         Epsilon
---------------------------------------------------------------------------
    0    2    p          :            (au)                -18.752080689661
    1    2    p          :            (au)                 -0.887593042275
    2    2    p          :            (au)                 -0.445591265378
    3    2    p          :            (au)                 -0.308357637494
    4    2    p          :            (au)                 -0.222665306512
---------------------------------------------------------------------------
 Sum occupied            :            (au)                -41.232575882641
===========================================================================


                                                                           
***************************************************************************
***                                                                     ***
***                    Printing Molecular Properties                    ***
***                                                                     ***
***************************************************************************
                                                                           
                                                                           
===========================================================================
                                 Molecule
---------------------------------------------------------------------------
 Charge                  :                                               0
 Multiplicity            :                                               1
---------------------------------------------------------------------------
    N    Atom            :               x               y               z
---------------------------------------------------------------------------
    0       O            :        0.000000        0.000000       -0.128683
    1       H            :       -1.437500        0.000000        1.021317
    2       H            :        1.437500        0.000000        1.021317
---------------------------------------------------------------------------
 Center of mass          :        0.000000        0.000000       -0.000000
===========================================================================


===========================================================================
                         Molecular Energy (final)
---------------------------------------------------------------------------
 Kinetic energy          :            (au)                 75.846573654573
 E-N energy              :            (au)               -198.660129045640
 Coulomb energy          :            (au)                 46.762200737352
 Exchange energy         :            (au)                  0.000000000000
 X-C energy              :            (au)                 -9.318950156546
 N-N energy              :            (au)                  9.039235444235
---------------------------------------------------------------------------
 Electronic energy       :            (au)                -85.370304810260
 Nuclear energy          :            (au)                  9.039235444235
---------------------------------------------------------------------------
 Total energy            :            (au)             -7.633106936602e+01
                         :      (kcal/mol)             -4.789846919254e+04
                         :        (kJ/mol)             -2.004071951016e+05
                         :            (eV)             -2.077074211088e+03
===========================================================================


===========================================================================
                         Orbital Energies (final)
---------------------------------------------------------------------------
    n  Occ Spin          :                                         Epsilon
---------------------------------------------------------------------------
    0    2    p          :            (au)                -18.752080689661
    1    2    p          :            (au)                 -0.887593042275
    2    2    p          :            (au)                 -0.445591265378
    3    2    p          :            (au)                 -0.308357637494
    4    2    p          :            (au)                 -0.222665306512
---------------------------------------------------------------------------
 Sum occupied            :            (au)                -41.232575882641
===========================================================================


===========================================================================
                           Dipole Moment (dip-1)
---------------------------------------------------------------------------
 r_O                     :        0.000000        0.000000        0.000000
---------------------------------------------------------------------------
 Electronic vector       :        0.000001        0.000000       -0.270712
 Magnitude               :            (au)                        0.270712
                         :         (Debye)                        0.688082
---------------------------------------------------------------------------
 Nuclear vector          :       -0.000000       -0.000000        1.013169
 Magnitude               :            (au)                        1.013169
                         :         (Debye)                        2.575219
---------------------------------------------------------------------------
 Total vector            :        0.000001       -0.000000        0.742457
 Magnitude               :            (au)                        0.742457
                         :         (Debye)                        1.887136
===========================================================================


===========================================================================
                        Quadrupole Moment (quad-1)
---------------------------------------------------------------------------
 r_O                     :        0.000000        0.000000        0.000000
---------------------------------------------------------------------------
 Electronic tensor       :       -1.509457        0.000000        0.000001
                         :        0.000000        1.665346        0.000000
                         :        0.000001        0.000000       -0.155889
---------------------------------------------------------------------------
 Nuclear tensor          :        3.023487        0.000000        0.000000
                         :        0.000000       -3.175732       -0.000000
                         :        0.000000       -0.000000        0.152245
---------------------------------------------------------------------------
 Total tensor            :        1.514030        0.000000        0.000001
                         :        0.000000       -1.510386       -0.000000
                         :        0.000001       -0.000000       -0.003644
===========================================================================


                                                                           
                                                                           
***************************************************************************
***                                                                     ***
***                            Exiting MRChem                           ***
***                                                                     ***
***                       Wall time :  0h  0m  7s                       ***
***                                                                     ***
***************************************************************************
                                                                           
                                                                           
