                                                                           
                                                                           
***************************************************************************
***                                                                     ***
***                                                                     ***
***          __  __ ____   ____ _                                       ***
***         |  \/  |  _ \ / ___| |__   ___ _ __ ___                     ***
***         | |\/| | |_) | |   | '_ \ / _ \ '_ ` _ \                    ***
***         | |  | |  _ <| |___| | | |  __/ | | | | |                   ***
***         |_|  |_|_| \_\\____|_| |_|\___|_| |_| |_|                   ***
***                                                                     ***
***         VERSION            1.2.0-alpha                              ***
***                                                                     ***
***         Git branch         excited_states_solver                    ***
***         Git commit hash    3603180aef71c58257df-dirty               ***
***         Git commit author  Gabriel Gerez                            ***
***         Git commit date    Thu Jun 15 18:13:28 2023 +0200           ***
***                                                                     ***
***         Contact: luca.frediani@uit.no                               ***
***                                                                     ***
***         Radovan Bast            Magnar Bjorgve                      ***
***         Roberto Di Remigio      Antoine Durdek                      ***
***         Luca Frediani           Gabriel Gerez                       ***
***         Stig Rune Jensen        Jonas Juselius                      ***
***         Rune Monstad            Peter Wind                          ***
***                                                                     ***
***************************************************************************

---------------------------------------------------------------------------

 MPI processes           :       (no bank)                               1
 OpenMP threads          :                                              12
 Total cores             :                                              12
                                                                           
---------------------------------------------------------------------------

XCFun DFT library Copyright 2009-2020 Ulf Ekstrom and contributors.
See http://dftlibs.org/xcfun/ for more information.

This is free software; see the source code for copying conditions.
There is ABSOLUTELY NO WARRANTY; not even for MERCHANTABILITY or
FITNESS FOR A PARTICULAR PURPOSE. For details see the documentation.
Scientific users of this library should cite
U. Ekstrom, L. Visscher, R. Bast, A. J. Thorvaldsen and K. Ruud;
J.Chem.Theor.Comp. 2010, DOI: 10.1021/ct100117s

---------------------------------------------------------------------------

 MRCPP version         : 1.4.1
 Git branch            : HEAD
 Git commit hash       : 75d41879b1908a94a452
 Git commit author     : Stig Rune Jensen
 Git commit date       : Thu Jan 6 11:38:53 2022 +0100

 Linear algebra        : EIGEN v3.4.0
 Parallelization       : OpenMP (12 threads)

---------------------------------------------------------------------------


                                                                           
===========================================================================
                         MultiResolution Analysis
---------------------------------------------------------------------------
 polynomial order      : 7
 polynomial type       : Interpolating
---------------------------------------------------------------------------
 total boxes           : 8
 boxes                 : [          2           2           2 ]
 unit lengths          : [  128.00000   128.00000   128.00000 ]
 scaling factor        : [    1.00000     1.00000     1.00000 ]
 lower bounds          : [ -128.00000  -128.00000  -128.00000 ]
 upper bounds          : [  128.00000   128.00000   128.00000 ]
 total length          : [  256.00000   256.00000   256.00000 ]
===========================================================================


                                                                           
***************************************************************************
***                                                                     ***
***                        Initializing Molecule                        ***
***                                                                     ***
***************************************************************************
                                                                           
                                                                           
===========================================================================
                                 Molecule
---------------------------------------------------------------------------
 Charge                  :                                               0
 Multiplicity            :                                               1
---------------------------------------------------------------------------
    N    Atom            :               x               y               z
---------------------------------------------------------------------------
    0       H            :        0.000000        0.000000        0.000000
    1       H            :        0.000000        0.000000        1.400000
---------------------------------------------------------------------------
 Center of mass          :        0.000000        0.000000        0.700000
===========================================================================


                                                                           
***************************************************************************
***                                                                     ***
***                Computing Initial Guess Wavefunction                 ***
***                                                                     ***
***************************************************************************
                                                                           
                                                                           
~~~~~~~~~~~~~~~~~~~~~~~~~~~~~~~~~~~~~~~~~~~~~~~~~~~~~~~~~~~~~~~~~~~~~~~~~~~
 Calculation             : Compute initial orbitals
 Method                  : Project MW molecular orbitals
 Precision               : 1.00000e-04
 Restricted              : True
 MO file                 : initial_guess/phi_p_scf
~~~~~~~~~~~~~~~~~~~~~~~~~~~~~~~~~~~~~~~~~~~~~~~~~~~~~~~~~~~~~~~~~~~~~~~~~~~


===========================================================================
                            Molecular Orbitals
---------------------------------------------------------------------------
 Alpha electrons         :                                               1
 Beta electrons          :                                               1
 Total electrons         :                                               2
---------------------------------------------------------------------------
    n  Occ Spin          :                                            Norm
---------------------------------------------------------------------------
    0    2    p          :                              1.000000038380e+00
===========================================================================


~~~~~~~~~~~~~~~~~~~~~~~~~~~~~~~~~~~~~~~~~~~~~~~~~~~~~~~~~~~~~~~~~~~~~~~~~~~
 Calculation             : Compute initial energy
 Method                  : Hartree-Fock
 Relativity              : None
 Environment             : None
 External fields         : None
 Precision               : 1.00000e-04
 Localization            : Off
~~~~~~~~~~~~~~~~~~~~~~~~~~~~~~~~~~~~~~~~~~~~~~~~~~~~~~~~~~~~~~~~~~~~~~~~~~~


===========================================================================
                        Molecular Energy (initial)
---------------------------------------------------------------------------
 Kinetic energy          :            (au)                  1.126054924776
 E-N energy              :            (au)                 -3.632542552311
 Coulomb energy          :            (au)                  1.316974097662
 Exchange energy         :            (au)                 -0.658514623013
 X-C energy              :            (au)                  0.000000000000
 N-N energy              :            (au)                  0.714285714286
---------------------------------------------------------------------------
 Electronic energy       :            (au)                 -1.848028152885
 Nuclear energy          :            (au)                  0.714285714286
---------------------------------------------------------------------------
 Total energy            :            (au)             -1.133742438599e+00
                         :      (kcal/mol)             -7.114341213685e+02
                         :        (kJ/mol)             -2.976640363806e+03
                         :            (eV)             -3.085070340020e+01
===========================================================================


===========================================================================
                        Orbital Energies (initial)
---------------------------------------------------------------------------
    n  Occ Spin          :                                         Epsilon
---------------------------------------------------------------------------
    0    2    p          :            (au)                 -0.594784293463
---------------------------------------------------------------------------
 Sum occupied            :            (au)                 -1.189568586925
===========================================================================


                                                                           
***************************************************************************
***                                                                     ***
***           Optimizing Transition Orbitals and Frequencies            ***
***                                                                     ***
***************************************************************************
                                                                           
                                                                           
~~~~~~~~~~~~~~~~~~~~~~~~~~~~~~~~~~~~~~~~~~~~~~~~~~~~~~~~~~~~~~~~~~~~~~~~~~~
 Calculation             : Compute initial orbitals
 Method                  : Project cube file molecular orbitals
 Precision               : 1.00000e-03
 Restricted              : True
 MO file                 : cube_vectors/CUBE_x_p_exc_0_vector.json
~~~~~~~~~~~~~~~~~~~~~~~~~~~~~~~~~~~~~~~~~~~~~~~~~~~~~~~~~~~~~~~~~~~~~~~~~~~


===========================================================================
                            Molecular Orbitals
---------------------------------------------------------------------------
 Alpha electrons         :                                               1
 Beta electrons          :                                               1
 Total electrons         :                                               2
---------------------------------------------------------------------------
    n  Occ Spin          :                                            Norm
---------------------------------------------------------------------------
    0    2    p          :                              9.957811825833e-01
===========================================================================


norms of members of X_n: 9.957811e-01
norm of X_n: 1.000000e+00
omega: 4.707492e-01
~~~~~~~~~~~~~~~~~~~~~~~~~~~~~~~~~~~~~~~~~~~~~~~~~~~~~~~~~~~~~~~~~~~~~~~~~~~
 Calculation             : Optimize Transition Orbitals and Frequencies
 Guess frequency         : 0.47075 au
 Method                  : Hartree-Fock
 Relativity              : None
 Checkpointing           : Off
 Max iterations          : 100
 KAIN solver             : 5
 Start precision         : 1.00000e-05
 Final precision         : 1.00000e-05
 Helmholtz precision     : Dynamic
 Property threshold      : 1.00000e-04
 Orbital threshold       : 1.00000e-04
~~~~~~~~~~~~~~~~~~~~~~~~~~~~~~~~~~~~~~~~~~~~~~~~~~~~~~~~~~~~~~~~~~~~~~~~~~~


===========================================================================
 Iter           MO residual     Excited state energy                Update
---------------------------------------------------------------------------
    0          1.000000e+00           0.470749166819          4.707492e-01
lambda: -1.240351e-01
omega: 4.681791e-01
    1          1.517848e-02           0.468073369536         -2.675797e-03
lambda: -1.267109e-01
omega: 4.681561e-01
    2          4.012904e-03           0.468165252314          9.188278e-05
lambda: -1.266190e-01
omega: 4.681499e-01
    3          1.529909e-03           0.468153508279         -1.174404e-05
lambda: -1.266308e-01
omega: 4.681481e-01
    4          9.206769e-04           0.468149265767         -4.242512e-06
lambda: -1.266350e-01
omega: 4.681479e-01
    5          3.028368e-04           0.468147960979         -1.304788e-06
lambda: -1.266363e-01
omega: 4.681479e-01
    6          1.442091e-04           0.468147884426         -7.655249e-08
lambda: -1.266364e-01
omega: 4.681479e-01
    7          2.168068e-05           0.468147872825         -1.160054e-08
omega: 4.681479e-01
last omega: 4.681479e-01
---------------------------------------------------------------------------
                      SCF converged in 7 iterations!
===========================================================================


expectation_values_l: (2.047430e-10,0.000000e+00)
(2.047462e-10,0.000000e+00)
(7.031308e-01,0.000000e+00)
|sum_i <x_i|mu|phi_i>|^2: (4.943929e-01,0.000000e+00)
transition moment (l): (1.542993e-01,0.000000e+00)
expectation_values_v: (0.000000e+00,-1.085172e-10)
(0.000000e+00,-1.085183e-10)
(0.000000e+00,-2.815816e-01)
|sum_i <x_i|v|phi_i>|^2: (7.928818e-02,0.000000e+00)
transition moment (v): (1.129104e-01,0.000000e+00)
===========================================================================
                        Exciation energy (state 1)
---------------------------------------------------------------------------
 Wavelength              :            (nm)                       97.326833
 Frequency               :            (au)                        0.468148
                         :          (cm-1)                   102746.587712
---------------------------------------------------------------------------
===========================================================================


~~~~~~~~~~~~~~~~~~~~~~~~~~~~~~~~~~~~~~~~~~~~~~~~~~~~~~~~~~~~~~~~~~~~~~~~~~~
 Calculation             : Compute initial orbitals
 Method                  : Project cube file molecular orbitals
 Precision               : 1.00000e-03
 Restricted              : True
 MO file                 : cube_vectors/CUBE_x_p_exc_1_vector.json
~~~~~~~~~~~~~~~~~~~~~~~~~~~~~~~~~~~~~~~~~~~~~~~~~~~~~~~~~~~~~~~~~~~~~~~~~~~


===========================================================================
                            Molecular Orbitals
---------------------------------------------------------------------------
 Alpha electrons         :                                               1
 Beta electrons          :                                               1
 Total electrons         :                                               2
---------------------------------------------------------------------------
    n  Occ Spin          :                                            Norm
---------------------------------------------------------------------------
    0    2    p          :                              9.974310292951e-01
===========================================================================


norms of members of X_n: 9.974222e-01
norm of X_n: 1.000000e+00
omega: 4.805487e-01
~~~~~~~~~~~~~~~~~~~~~~~~~~~~~~~~~~~~~~~~~~~~~~~~~~~~~~~~~~~~~~~~~~~~~~~~~~~
 Calculation             : Optimize Transition Orbitals and Frequencies
 Guess frequency         : 0.48055 au
 Method                  : Hartree-Fock
 Relativity              : None
 Checkpointing           : Off
 Max iterations          : 100
 KAIN solver             : 5
 Start precision         : 1.00000e-05
 Final precision         : 1.00000e-05
 Helmholtz precision     : Dynamic
 Property threshold      : 1.00000e-04
 Orbital threshold       : 1.00000e-04
~~~~~~~~~~~~~~~~~~~~~~~~~~~~~~~~~~~~~~~~~~~~~~~~~~~~~~~~~~~~~~~~~~~~~~~~~~~


===========================================================================
 Iter           MO residual     Excited state energy                Update
---------------------------------------------------------------------------
    0          1.000000e+00           0.480548733068          4.805487e-01
lambda: -1.142356e-01
omega: 4.780196e-01
    1          3.000071e-02           0.477586344541         -2.962389e-03
lambda: -1.171979e-01
omega: 4.779850e-01
    2          9.945732e-03           0.477998905385          4.125608e-04
lambda: -1.167854e-01
omega: 4.779824e-01
    3          2.444914e-03           0.477983994842         -1.491054e-05
lambda: -1.168003e-01
omega: 4.779819e-01
    4          1.009427e-03           0.477982558030         -1.436812e-06
lambda: -1.168017e-01
omega: 4.779819e-01
    5          2.898235e-04           0.477982216070         -3.419603e-07
lambda: -1.168021e-01
omega: 4.779819e-01
    6          9.013335e-05           0.477982178744         -3.732550e-08
omega: 4.779819e-01
last omega: 4.779819e-01
---------------------------------------------------------------------------
                      SCF converged in 6 iterations!
===========================================================================


expectation_values_l: (1.354082e-05,0.000000e+00)
(1.354082e-05,0.000000e+00)
(6.926582e-04,0.000000e+00)
|sum_i <x_i|mu|phi_i>|^2: (4.801421e-07,0.000000e+00)
transition moment (l): (1.529995e-07,0.000000e+00)
expectation_values_v: (0.000000e+00,-5.931397e-06)
(0.000000e+00,-5.931397e-06)
(0.000000e+00,-2.736132e-04)
|sum_i <x_i|v|phi_i>|^2: (7.493452e-08,0.000000e+00)
transition moment (v): (1.045152e-07,0.000000e+00)
===========================================================================
                        Exciation energy (state 2)
---------------------------------------------------------------------------
 Wavelength              :            (nm)                       95.324440
 Frequency               :            (au)                        0.477982
                         :          (cm-1)                   104904.890967
---------------------------------------------------------------------------
===========================================================================


                                                                           
***************************************************************************
***                                                                     ***
***                    Printing Molecular Properties                    ***
***                                                                     ***
***************************************************************************
                                                                           
                                                                           
===========================================================================
                                 Molecule
---------------------------------------------------------------------------
 Charge                  :                                               0
 Multiplicity            :                                               1
---------------------------------------------------------------------------
    N    Atom            :               x               y               z
---------------------------------------------------------------------------
    0       H            :        0.000000        0.000000        0.000000
    1       H            :        0.000000        0.000000        1.400000
---------------------------------------------------------------------------
 Center of mass          :        0.000000        0.000000        0.700000
===========================================================================


===========================================================================
                         Molecular Energy (final)
---------------------------------------------------------------------------
 Kinetic energy          :            (au)                  1.126054924776
 E-N energy              :            (au)                 -3.632542552311
 Coulomb energy          :            (au)                  1.316974097662
 Exchange energy         :            (au)                 -0.658514623013
 X-C energy              :            (au)                  0.000000000000
 N-N energy              :            (au)                  0.714285714286
---------------------------------------------------------------------------
 Electronic energy       :            (au)                 -1.848028152885
 Nuclear energy          :            (au)                  0.714285714286
---------------------------------------------------------------------------
 Total energy            :            (au)             -1.133742438599e+00
                         :      (kcal/mol)             -7.114341213685e+02
                         :        (kJ/mol)             -2.976640363806e+03
                         :            (eV)             -3.085070340020e+01
===========================================================================


===========================================================================
                         Orbital Energies (final)
---------------------------------------------------------------------------
    n  Occ Spin          :                                         Epsilon
---------------------------------------------------------------------------
    0    2    p          :            (au)                 -0.594784293463
---------------------------------------------------------------------------
 Sum occupied            :            (au)                 -1.189568586925
===========================================================================


===========================================================================
                        Excitation Energies (final)
---------------------------------------------------------------------------
    r                    :                                           Omega
---------------------------------------------------------------------------
    1                    :            (au)                  0.468147899707
    2                    :            (au)                  0.477981852915
===========================================================================


===========================================================================
                           Dipole Moment (dip-1)
---------------------------------------------------------------------------
 r_O                     :        0.000000        0.000000        0.000000
---------------------------------------------------------------------------
 Electronic vector       :       -0.000000       -0.000000       -1.400004
 Magnitude               :            (au)                        1.400004
                         :         (Debye)                        3.558456
---------------------------------------------------------------------------
 Nuclear vector          :        0.000000        0.000000        1.400000
 Magnitude               :            (au)                        1.400000
                         :         (Debye)                        3.558445
---------------------------------------------------------------------------
 Total vector            :        0.000000        0.000000       -0.000004
 Magnitude               :            (au)                        0.000004
                         :         (Debye)                        0.000010
===========================================================================


                                                                           
                                                                           
***************************************************************************
***                                                                     ***
***                            Exiting MRChem                           ***
***                                                                     ***
***                       Wall time :  0h  0m 59s                       ***
***                                                                     ***
***************************************************************************
                                                                           
                                                                           
