                                                                           
                                                                           
***************************************************************************
***                                                                     ***
***                                                                     ***
***          __  __ ____   ____ _                                       ***
***         |  \/  |  _ \ / ___| |__   ___ _ __ ___                     ***
***         | |\/| | |_) | |   | '_ \ / _ \ '_ ` _ \                    ***
***         | |  | |  _ <| |___| | | |  __/ | | | | |                   ***
***         |_|  |_|_| \_\\____|_| |_|\___|_| |_| |_|                   ***
***                                                                     ***
***         VERSION            1.2.0-alpha                              ***
***                                                                     ***
***         Git branch         text                                     ***
***         Git commit hash    12aee4301501e5cb99d9-dirty               ***
***         Git commit author  gitpeterwind                             ***
***         Git commit date    Thu Jan 2 09:29:25 2025 +0100            ***
***                                                                     ***
***         Contact: luca.frediani@uit.no                               ***
***                                                                     ***
***         Radovan Bast            Magnar Bjorgve                      ***
***         Roberto Di Remigio      Antoine Durdek                      ***
***         Luca Frediani           Gabriel Gerez                       ***
***         Stig Rune Jensen        Jonas Juselius                      ***
***         Rune Monstad            Peter Wind                          ***
***                                                                     ***
***************************************************************************

---------------------------------------------------------------------------

 MPI processes           :       (no bank)                               1
 OpenMP threads          :                                               1
 Total cores             :                                               1
                                                                           
---------------------------------------------------------------------------

XCFun DFT library Copyright 2009-2020 Ulf Ekstrom and contributors.
See http://dftlibs.org/xcfun/ for more information.

This is free software; see the source code for copying conditions.
There is ABSOLUTELY NO WARRANTY; not even for MERCHANTABILITY or
FITNESS FOR A PARTICULAR PURPOSE. For details see the documentation.
Scientific users of this library should cite
U. Ekstrom, L. Visscher, R. Bast, A. J. Thorvaldsen and K. Ruud;
J.Chem.Theor.Comp. 2010, DOI: 10.1021/ct100117s

---------------------------------------------------------------------------

 MRCPP version         : 1.6.0-alpha
 Git branch            : merge
 Git commit hash       : cba8256377a39fbe1bdd
 Git commit author     : gitpeterwind
 Git commit date       : Thu Feb 20 10:17:52 2025 +0100

 Linear algebra        : EIGEN v3.4.0
 Parallelization       : NONE

---------------------------------------------------------------------------


                                                                           
===========================================================================
                         MultiResolution Analysis
---------------------------------------------------------------------------
 polynomial order      : 5
 polynomial type       : Interpolating
---------------------------------------------------------------------------
 total boxes           : 8
 boxes                 : [          2           2           2 ]
 unit lengths          : [   64.00000    64.00000    64.00000 ]
 scaling factor        : [    1.00000     1.00000     1.00000 ]
 lower bounds          : [  -64.00000   -64.00000   -64.00000 ]
 upper bounds          : [   64.00000    64.00000    64.00000 ]
 total length          : [  128.00000   128.00000   128.00000 ]
===========================================================================


                                                                           
***************************************************************************
***                                                                     ***
***                        Initializing Molecule                        ***
***                                                                     ***
***************************************************************************
                                                                           
                                                                           
===========================================================================
                                 Molecule
---------------------------------------------------------------------------
 Charge                  :                                               0
 Multiplicity            :                                               1
---------------------------------------------------------------------------
    N    Atom            :               x               y               z
---------------------------------------------------------------------------
    0       F            :       -2.257974       -0.462275        0.644277
    1       H            :       -3.160577       -0.746598        2.092507
---------------------------------------------------------------------------
 Center of mass          :       -2.303448       -0.476600        0.717240
===========================================================================


                                                                           
***************************************************************************
***                                                                     ***
***                Computing Initial Guess Wavefunction                 ***
***                                                                     ***
***************************************************************************
                                                                           
                                                                           
~~~~~~~~~~~~~~~~~~~~~~~~~~~~~~~~~~~~~~~~~~~~~~~~~~~~~~~~~~~~~~~~~~~~~~~~~~~
 Calculation             : Compute initial orbitals
 Method                  : Diagonalize Core Hamiltonian matrix
 Precision               : 1.00000e-03
 Restricted              : True
 AO basis                : Hydrogenic orbitals
 Zeta quality            : 2
~~~~~~~~~~~~~~~~~~~~~~~~~~~~~~~~~~~~~~~~~~~~~~~~~~~~~~~~~~~~~~~~~~~~~~~~~~~


===========================================================================
                            Molecular Orbitals
---------------------------------------------------------------------------
 Alpha electrons         :                                               5
 Beta electrons          :                                               5
 Total electrons         :                                              10
---------------------------------------------------------------------------
    n  Occ Spin          :                                            Norm
---------------------------------------------------------------------------
    0    2    p          :                              9.999841721759e-01
    1    2    p          :                              9.999998855685e-01
    2    2    p          :                              9.999999997972e-01
    3    2    p          :                              9.999741719440e-01
    4    2    p          :                              9.999890982281e-01
===========================================================================


~~~~~~~~~~~~~~~~~~~~~~~~~~~~~~~~~~~~~~~~~~~~~~~~~~~~~~~~~~~~~~~~~~~~~~~~~~~
 Calculation             : Compute initial energy
 Method                  : DFT (SVWN5)
 Relativity              : None
 Environment             : None
 External fields         : None
 Precision               : 1.00000e-03
 Localization            : Off
~~~~~~~~~~~~~~~~~~~~~~~~~~~~~~~~~~~~~~~~~~~~~~~~~~~~~~~~~~~~~~~~~~~~~~~~~~~


===========================================================================
                        Molecular Energy (initial)
---------------------------------------------------------------------------
 Kinetic energy          :            (au)                166.837839760497
 E-N energy              :            (au)               -329.660391962576
 Coulomb energy          :            (au)                 94.639869058520
 Exchange energy         :            (au)                  0.000000000000
 X-C energy              :            (au)                -15.340139720469
 N-N energy              :            (au)                  5.202312141019
---------------------------------------------------------------------------
 Electronic energy       :            (au)                -83.522822864028
 Nuclear energy          :            (au)                  5.202312141019
---------------------------------------------------------------------------
 Total energy            :            (au)             -7.832051072301e+01
                         :      (kcal/mol)             -4.914686249215e+04
                         :        (kJ/mol)             -2.056304726671e+05
                         :            (eV)             -2.131209668267e+03
===========================================================================


===========================================================================
                        Orbital Energies (initial)
---------------------------------------------------------------------------
    n  Occ Spin          :                                         Epsilon
---------------------------------------------------------------------------
    0    2    p          :            (au)                -15.804626535069
    1    2    p          :            (au)                  4.315120517981
    2    2    p          :            (au)                  4.742834077206
    3    2    p          :            (au)                  4.772465136079
    4    2    p          :            (au)                  5.076921041907
---------------------------------------------------------------------------
 Sum occupied            :            (au)                  6.205428476208
===========================================================================


                                                                           
***************************************************************************
***                                                                     ***
***                    Printing Molecular Properties                    ***
***                                                                     ***
***************************************************************************
                                                                           
                                                                           
===========================================================================
                                 Molecule
---------------------------------------------------------------------------
 Charge                  :                                               0
 Multiplicity            :                                               1
---------------------------------------------------------------------------
    N    Atom            :               x               y               z
---------------------------------------------------------------------------
    0       F            :       -2.257974       -0.462275        0.644277
    1       H            :       -3.160577       -0.746598        2.092507
---------------------------------------------------------------------------
 Center of mass          :       -2.303448       -0.476600        0.717240
===========================================================================


===========================================================================
                         Molecular Energy (final)
---------------------------------------------------------------------------
 Kinetic energy          :            (au)                166.837839760497
 E-N energy              :            (au)               -329.660391962576
 Coulomb energy          :            (au)                 94.639869058520
 Exchange energy         :            (au)                  0.000000000000
 X-C energy              :            (au)                -15.340139720469
 N-N energy              :            (au)                  5.202312141019
---------------------------------------------------------------------------
 Electronic energy       :            (au)                -83.522822864028
 Nuclear energy          :            (au)                  5.202312141019
---------------------------------------------------------------------------
 Total energy            :            (au)             -7.832051072301e+01
                         :      (kcal/mol)             -4.914686249215e+04
                         :        (kJ/mol)             -2.056304726671e+05
                         :            (eV)             -2.131209668267e+03
===========================================================================


===========================================================================
                         Orbital Energies (final)
---------------------------------------------------------------------------
    n  Occ Spin          :                                         Epsilon
---------------------------------------------------------------------------
    0    2    p          :            (au)                -15.804626535069
    1    2    p          :            (au)                  4.315120517981
    2    2    p          :            (au)                  4.742834077206
    3    2    p          :            (au)                  4.772465136079
    4    2    p          :            (au)                  5.076921041907
---------------------------------------------------------------------------
 Sum occupied            :            (au)                  6.205428476208
===========================================================================


===========================================================================
                           Dipole Moment (dip-1)
---------------------------------------------------------------------------
 r_O                     :        0.000000        0.000000        0.000000
---------------------------------------------------------------------------
 Electronic vector       :       22.594555        4.619925       -6.462435
 Magnitude               :            (au)                       23.950379
                         :         (Debye)                       60.875792
---------------------------------------------------------------------------
 Nuclear vector          :      -23.482344       -4.907073        7.890998
 Magnitude               :            (au)                       25.254063
                         :         (Debye)                       64.189426
---------------------------------------------------------------------------
 Total vector            :       -0.887789       -0.287149        1.428563
 Magnitude               :            (au)                        1.706288
                         :         (Debye)                        4.336950
===========================================================================


===========================================================================
                       Geometric Derivative (geom-1)
---------------------------------------------------------------------------
 Total                   :       -1.663881       -3.907442        3.311164
                         :       -0.167898       -0.056544        0.273441
 Norm                    :            (au)                        5.395050
---------------------------------------------------------------------------
 Nuclear                 :       -1.568920       -0.494215        2.517339
                         :        1.568920        0.494215       -2.517339
 Norm                    :            (au)                        4.252705
---------------------------------------------------------------------------
 Electronic              :       -0.094961       -3.413227        0.793825
                         :       -1.736818       -0.550759        2.790780
 Norm                    :            (au)                        4.837108
---------------------------------------------------------------------------
 Est. var. of force error:            (au)                      2.3064e+00
===========================================================================


                                                                           
                                                                           
***************************************************************************
***                                                                     ***
***                            Exiting MRChem                           ***
***                                                                     ***
***                       Wall time :  0h  0m  6s                       ***
***                                                                     ***
***************************************************************************
                                                                           
                                                                           
