                                                                      
                                                                      
**********************************************************************
***                                                                ***
***                                                                ***
***        __  __ ____   ____ _                                    ***
***       |  \/  |  _ \ / ___| |__   ___ _ __ ___                  ***
***       | |\/| | |_) | |   | '_ \ / _ \ '_ ` _ \                 ***
***       | |  | |  _ <| |___| | | |  __/ | | | | |                ***
***       |_|  |_|_| \_\\____|_| |_|\___|_| |_| |_|                ***
***                                                                ***
***       VERSION            0.3.0-alpha                           ***
***                                                                ***
***       Git branch         new_solvent                           ***
***       Git commit hash    7e9a566d98845c874889-dirty            ***
***       Git commit author  Gabriel                               ***
***       Git commit date    Wed Apr 15 14:48:34 2020 +0200        ***
***                                                                ***
***       Magnar Bjorgve     <magnar.bjorgve@uit.no>               ***
***       Roberto Di Remigio <roberto.di.remigio@uit.no>           ***
***       Luca Frediani      <luca.frediani@uit.no>                ***
***       Gabriel Gerez      <gsa017@post.uit.no>                  ***
***       Stig Rune Jensen   <stig.r.jensen@uit.no>                ***
***       Peter Wind         <peter.wind@uit.no>                   ***
***                                                                ***
**********************************************************************

----------------------------------------------------------------------

 MPI processes         :      (no bank)                             1
 OpenMP threads        :                                            8
 Total cores           :                                            8
                                                                      
----------------------------------------------------------------------

XCFun DFT library Copyright 2009-2020 Ulf Ekstrom and contributors.
See http://dftlibs.org/xcfun/ for more information.

This is free software; see the source code for copying conditions.
There is ABSOLUTELY NO WARRANTY; not even for MERCHANTABILITY or
FITNESS FOR A PARTICULAR PURPOSE. For details see the documentation.
Scientific users of this library should cite
U. Ekstrom, L. Visscher, R. Bast, A. J. Thorvaldsen and K. Ruud;
J.Chem.Theor.Comp. 2010, DOI: 10.1021/ct100117s

----------------------------------------------------------------------

 MRCPP version         : 1.2.0-alpha3
 Git branch            : new_solvent
 Git commit hash       : 3f287c5097d6819ab1bc
 Git commit author     : Gabriel
 Git commit date       : Thu Apr 2 11:43:14 2020 +0200

 Linear algebra        : EIGEN v3.3.7
 Parallelization       : OpenMP

----------------------------------------------------------------------


                                                                      
======================================================================
                       MultiResolution Analysis
----------------------------------------------------------------------
 polynomial order      : 8
 polynomial type       : Interpolating
----------------------------------------------------------------------
 total boxes           : 8
 boxes                 : [          2           2           2 ]
 unit lengths          : [   16.00000    16.00000    16.00000 ]
 scaling factor        : [    1.00000     1.00000     1.00000 ]
 lower bounds          : [  -16.00000   -16.00000   -16.00000 ]
 upper bounds          : [   16.00000    16.00000    16.00000 ]
 total length          : [   32.00000    32.00000    32.00000 ]
======================================================================


                                                                      
**********************************************************************
***                                                                ***
***                     Initializing Molecule                      ***
***                                                                ***
**********************************************************************
                                                                      
                                                                      
======================================================================
                               Molecule
----------------------------------------------------------------------
 Charge                :                                            1
 Multiplicity          :                                            1
----------------------------------------------------------------------
    N    Atom          :              x              y              z
----------------------------------------------------------------------
    0      Li          :       0.000000       0.000000       0.000000
----------------------------------------------------------------------
 Center of mass        :       0.000000       0.000000       0.000000
 Gauge origin          :       0.000000       0.000000       0.000000
======================================================================


                                                                      
**********************************************************************
***                                                                ***
***              Computing Ground State Wavefunction               ***
***                                                                ***
**********************************************************************
                                                                      
                                                                      
~~~~~~~~~~~~~~~~~~~~~~~~~~~~~~~~~~~~~~~~~~~~~~~~~~~~~~~~~~~~~~~~~~~~~~
 Calculation           : Compute initial orbitals
 Method                : Project MW molecular orbitals
 Precision             : 1.00000e-03
 Restricted            : True
 MO file               : initial_guess/phi_p_scf
~~~~~~~~~~~~~~~~~~~~~~~~~~~~~~~~~~~~~~~~~~~~~~~~~~~~~~~~~~~~~~~~~~~~~~


======================================================================
                          Molecular Orbitals
----------------------------------------------------------------------
 Alpha electrons       :                                            1
 Beta electrons        :                                            1
 Total electrons       :                                            2
----------------------------------------------------------------------
    n  Occ Spin        :                                         Norm
----------------------------------------------------------------------
    0    2    p        :                           1.000000171874e+00
======================================================================


~~~~~~~~~~~~~~~~~~~~~~~~~~~~~~~~~~~~~~~~~~~~~~~~~~~~~~~~~~~~~~~~~~~~~~
 Calculation           : Compute initial energy
 Method                : DFT (PBE0)
 Precision             : 1.00000e-03
 Localization          : Off
~~~~~~~~~~~~~~~~~~~~~~~~~~~~~~~~~~~~~~~~~~~~~~~~~~~~~~~~~~~~~~~~~~~~~~


error:
3.356831e+00
======================================================================
                           Molecular Energy
----------------------------------------------------------------------
 Kinetic energy        :           (au)                7.222787791256
 E-N energy            :           (au)              -16.100625333100
 Coulomb energy        :           (au)                3.286489644655
 Exchange energy       :           (au)               -0.410631581469
 X-C energy            :           (au)               -1.259173157755
 Ext. field (el)       :           (au)                0.000000000000
 Ext. field (nuc)      :           (au)                0.000000000000
 Tot. Reac. Energy     :           (au)               -0.086920623661
 El. Reac. Energy      :           (au)                0.165707691935
 Nuc. Reac. Energy     :           (au)               -0.252628315596
----------------------------------------------------------------------
 Electronic energy     :           (au)               -7.095444944478
 Nuclear energy        :           (au)               -0.252628315596
----------------------------------------------------------------------
 Total energy          :           (au)           -7.348073260074e+00
                       :     (kcal/mol)           -4.610985549602e+03
                       :       (kJ/mol)           -1.929236355206e+04
                       :           (eV)           -1.999512508555e+02
======================================================================


~~~~~~~~~~~~~~~~~~~~~~~~~~~~~~~~~~~~~~~~~~~~~~~~~~~~~~~~~~~~~~~~~~~~~~
 Calculation           : Optimize ground state orbitals
 Method                : DFT (PBE0)
 Checkpointing         : Off
 Max iterations        : 100
 KAIN solver           : 4
 Localization          : Off
 Diagonalization       : First two iterations
 Start precision       : 1.00000e-05
 Final precision       : 1.00000e-05
 Helmholtz precision   : 1.00000e-05
 Energy threshold      : Off
 Orbital threshold     : 1.00000e-03
~~~~~~~~~~~~~~~~~~~~~~~~~~~~~~~~~~~~~~~~~~~~~~~~~~~~~~~~~~~~~~~~~~~~~~


======================================================================
 Iter         MO residual            Total energy              Update
----------------------------------------------------------------------
    0        1.000000e+00         -7.348073260074       -7.348073e+00
error:
9.179352e-01
error:
3.823174e-01
    1        5.792446e-03         -7.325485742672        2.258752e-02
error:
1.847704e-02
    2        4.277089e-03         -7.322906147407        2.579595e-03
error:
1.062926e-02
    3        1.050768e-03         -7.323041814102       -1.356667e-04
error:
2.209391e-02
    4        6.759763e-04         -7.323247591847       -2.057777e-04
----------------------------------------------------------------------
                   SCF converged in 4 iterations!
======================================================================


                                                                      
**********************************************************************
***                                                                ***
***                 Printing Molecular Properties                  ***
***                                                                ***
**********************************************************************
                                                                      
                                                                      
======================================================================
                               Molecule
----------------------------------------------------------------------
 Charge                :                                            1
 Multiplicity          :                                            1
----------------------------------------------------------------------
    N    Atom          :              x              y              z
----------------------------------------------------------------------
    0      Li          :       0.000000       0.000000       0.000000
----------------------------------------------------------------------
 Center of mass        :       0.000000       0.000000       0.000000
 Gauge origin          :       0.000000       0.000000       0.000000
======================================================================


======================================================================
                           Orbital Energies
----------------------------------------------------------------------
    n  Occ Spin        :                                      Epsilon
----------------------------------------------------------------------
    0    2    p        :           (au)               -2.247794510199
----------------------------------------------------------------------
 Sum occupied          :           (au)               -4.495589020398
======================================================================


======================================================================
                           Molecular Energy
----------------------------------------------------------------------
 Kinetic energy        :           (au)                7.225820935472
 E-N energy            :           (au)              -16.105246985980
 Coulomb energy        :           (au)                3.287394161667
 Exchange energy       :           (au)               -0.410924235617
 X-C energy            :           (au)               -1.259519688375
 Ext. field (el)       :           (au)                0.000000000000
 Ext. field (nuc)      :           (au)                0.000000000000
 Tot. Reac. Energy     :           (au)               -0.060771779014
 El. Reac. Energy      :           (au)                0.121543736454
 Nuc. Reac. Energy     :           (au)               -0.182315515468
----------------------------------------------------------------------
 Electronic energy     :           (au)               -7.140932076379
 Nuclear energy        :           (au)               -0.182315515468
----------------------------------------------------------------------
 Total energy          :           (au)           -7.323247591847e+00
                       :     (kcal/mol)           -4.595407207715e+03
                       :       (kJ/mol)           -1.922718376956e+04
                       :           (eV)           -1.992757100382e+02
======================================================================


                                                                      
                                                                      
**********************************************************************
***                                                                ***
***                         Exiting MRChem                         ***
***                                                                ***
***                    Wall time :  0h  1m 11s                     ***
***                                                                ***
**********************************************************************
                                                                      
                                                                      
