                                                                      
                                                                      
**********************************************************************
***                                                                ***
***                                                                ***
***        __  __ ____   ____ _                                    ***
***       |  \/  |  _ \ / ___| |__   ___ _ __ ___                  ***
***       | |\/| | |_) | |   | '_ \ / _ \ '_ ` _ \                 ***
***       | |  | |  _ <| |___| | | |  __/ | | | | |                ***
***       |_|  |_|_| \_\\____|_| |_|\___|_| |_| |_|                ***
***                                                                ***
***       VERSION            0.3.0-alpha                           ***
***                                                                ***
***       Git branch         new_solvent                           ***
***       Git commit hash    7e9a566d98845c874889-dirty            ***
***       Git commit author  Gabriel                               ***
***       Git commit date    Wed Apr 15 14:48:34 2020 +0200        ***
***                                                                ***
***       Magnar Bjorgve     <magnar.bjorgve@uit.no>               ***
***       Roberto Di Remigio <roberto.di.remigio@uit.no>           ***
***       Luca Frediani      <luca.frediani@uit.no>                ***
***       Gabriel Gerez      <gsa017@post.uit.no>                  ***
***       Stig Rune Jensen   <stig.r.jensen@uit.no>                ***
***       Peter Wind         <peter.wind@uit.no>                   ***
***                                                                ***
**********************************************************************

----------------------------------------------------------------------

 MPI processes         :      (no bank)                             1
 OpenMP threads        :                                            8
 Total cores           :                                            8
                                                                      
----------------------------------------------------------------------

XCFun DFT library Copyright 2009-2020 Ulf Ekstrom and contributors.
See http://dftlibs.org/xcfun/ for more information.

This is free software; see the source code for copying conditions.
There is ABSOLUTELY NO WARRANTY; not even for MERCHANTABILITY or
FITNESS FOR A PARTICULAR PURPOSE. For details see the documentation.
Scientific users of this library should cite
U. Ekstrom, L. Visscher, R. Bast, A. J. Thorvaldsen and K. Ruud;
J.Chem.Theor.Comp. 2010, DOI: 10.1021/ct100117s

----------------------------------------------------------------------

 MRCPP version         : 1.2.0-alpha3
 Git branch            : new_solvent
 Git commit hash       : 3f287c5097d6819ab1bc
 Git commit author     : Gabriel
 Git commit date       : Thu Apr 2 11:43:14 2020 +0200

 Linear algebra        : EIGEN v3.3.7
 Parallelization       : OpenMP

----------------------------------------------------------------------


                                                                      
======================================================================
                       MultiResolution Analysis
----------------------------------------------------------------------
 polynomial order      : 8
 polynomial type       : Interpolating
----------------------------------------------------------------------
 total boxes           : 8
 boxes                 : [          2           2           2 ]
 unit lengths          : [   16.00000    16.00000    16.00000 ]
 scaling factor        : [    1.00000     1.00000     1.00000 ]
 lower bounds          : [  -16.00000   -16.00000   -16.00000 ]
 upper bounds          : [   16.00000    16.00000    16.00000 ]
 total length          : [   32.00000    32.00000    32.00000 ]
======================================================================


                                                                      
**********************************************************************
***                                                                ***
***                     Initializing Molecule                      ***
***                                                                ***
**********************************************************************
                                                                      
                                                                      
======================================================================
                               Molecule
----------------------------------------------------------------------
 Charge                :                                            1
 Multiplicity          :                                            1
----------------------------------------------------------------------
    N    Atom          :              x              y              z
----------------------------------------------------------------------
    0      Li          :       0.000000       0.000000       0.000000
----------------------------------------------------------------------
 Center of mass        :       0.000000       0.000000       0.000000
 Gauge origin          :       0.000000       0.000000       0.000000
======================================================================


                                                                      
**********************************************************************
***                                                                ***
***              Computing Ground State Wavefunction               ***
***                                                                ***
**********************************************************************
                                                                      
                                                                      
~~~~~~~~~~~~~~~~~~~~~~~~~~~~~~~~~~~~~~~~~~~~~~~~~~~~~~~~~~~~~~~~~~~~~~
 Calculation           : Compute initial orbitals
 Method                : Project MW molecular orbitals
 Precision             : 1.00000e-03
 Restricted            : True
 MO file               : initial_guess/phi_p_scf
~~~~~~~~~~~~~~~~~~~~~~~~~~~~~~~~~~~~~~~~~~~~~~~~~~~~~~~~~~~~~~~~~~~~~~


======================================================================
                          Molecular Orbitals
----------------------------------------------------------------------
 Alpha electrons       :                                            1
 Beta electrons        :                                            1
 Total electrons       :                                            2
----------------------------------------------------------------------
    n  Occ Spin        :                                         Norm
----------------------------------------------------------------------
    0    2    p        :                           1.000000172143e+00
======================================================================


~~~~~~~~~~~~~~~~~~~~~~~~~~~~~~~~~~~~~~~~~~~~~~~~~~~~~~~~~~~~~~~~~~~~~~
 Calculation           : Compute initial energy
 Method                : DFT (PBE0)
 Precision             : 1.00000e-03
 Localization          : Off
~~~~~~~~~~~~~~~~~~~~~~~~~~~~~~~~~~~~~~~~~~~~~~~~~~~~~~~~~~~~~~~~~~~~~~


======================================================================
                             Running SCRF
----------------------------------------------------------------------
Iter:	
1
update:	
3.356831e+00
Iter:	
2
update:	
9.199397e-01
Iter:	
3
update:	
2.411434e-01
Iter:	
4
update:	
4.615360e-04
======================================================================
                           Molecular Energy
----------------------------------------------------------------------
 Kinetic energy        :           (au)                7.225339390095
 E-N energy            :           (au)              -16.103275595724
 Coulomb energy        :           (au)                3.286749790568
 Exchange energy       :           (au)               -0.410663783233
 X-C energy            :           (au)               -1.259299210100
 Ext. field (el)       :           (au)                0.000000000000
 Ext. field (nuc)      :           (au)                0.000000000000
 Tot. Reac. Energy     :           (au)               -0.064623510011
 El. Reac. Energy      :           (au)                0.123514407080
 Nuc. Reac. Energy     :           (au)               -0.188137917091
----------------------------------------------------------------------
 Electronic energy     :           (au)               -7.137635001314
 Nuclear energy        :           (au)               -0.188137917091
----------------------------------------------------------------------
 Total energy          :           (au)           -7.325772918405e+00
                       :     (kcal/mol)           -4.596991874043e+03
                       :       (kJ/mol)           -1.923381401348e+04
                       :           (eV)           -1.993444276716e+02
======================================================================


~~~~~~~~~~~~~~~~~~~~~~~~~~~~~~~~~~~~~~~~~~~~~~~~~~~~~~~~~~~~~~~~~~~~~~
 Calculation           : Optimize ground state orbitals
 Method                : DFT (PBE0)
 Checkpointing         : Off
 Max iterations        : 100
 KAIN solver           : 4
 Localization          : Off
 Diagonalization       : First two iterations
 Start precision       : 1.00000e-05
 Final precision       : 1.00000e-05
 Helmholtz precision   : 1.00000e-05
 Energy threshold      : Off
 Orbital threshold     : 1.00000e-03
~~~~~~~~~~~~~~~~~~~~~~~~~~~~~~~~~~~~~~~~~~~~~~~~~~~~~~~~~~~~~~~~~~~~~~


======================================================================
 Iter         MO residual            Total energy              Update
----------------------------------------------------------------------
    0        1.000000e+00         -7.325772918405       -7.325773e+00
======================================================================
                             Running SCRF
----------------------------------------------------------------------
Iter:	
1
update:	
2.034034e-02
Iter:	
2
update:	
1.446892e-01
Iter:	
3
update:	
3.649201e-02
Iter:	
4
update:	
3.963980e-02
Iter:	
5
update:	
1.892194e-04
Iter:	
6
update:	
4.079623e-06
======================================================================
                             Running SCRF
----------------------------------------------------------------------
Iter:	
1
update:	
1.042459e-06
    1        4.146938e-04         -7.323094934357        2.677984e-03
----------------------------------------------------------------------
                   SCF converged in 1 iterations!
======================================================================


                                                                      
**********************************************************************
***                                                                ***
***                 Printing Molecular Properties                  ***
***                                                                ***
**********************************************************************
                                                                      
                                                                      
======================================================================
                               Molecule
----------------------------------------------------------------------
 Charge                :                                            1
 Multiplicity          :                                            1
----------------------------------------------------------------------
    N    Atom          :              x              y              z
----------------------------------------------------------------------
    0      Li          :       0.000000       0.000000       0.000000
----------------------------------------------------------------------
 Center of mass        :       0.000000       0.000000       0.000000
 Gauge origin          :       0.000000       0.000000       0.000000
======================================================================


======================================================================
                           Orbital Energies
----------------------------------------------------------------------
    n  Occ Spin        :                                      Epsilon
----------------------------------------------------------------------
    0    2    p        :           (au)               -2.248898532934
----------------------------------------------------------------------
 Sum occupied          :           (au)               -4.497797065868
======================================================================


======================================================================
                           Molecular Energy
----------------------------------------------------------------------
 Kinetic energy        :           (au)                7.216520759799
 E-N energy            :           (au)              -16.094844058179
 Coulomb energy        :           (au)                3.285242473031
 Exchange energy       :           (au)               -0.410655274661
 X-C energy            :           (au)               -1.258725751894
 Ext. field (el)       :           (au)                0.000000000000
 Ext. field (nuc)      :           (au)                0.000000000000
 Tot. Reac. Energy     :           (au)               -0.060633082453
 El. Reac. Energy      :           (au)                0.121266327540
 Nuc. Reac. Energy     :           (au)               -0.181899409993
----------------------------------------------------------------------
 Electronic energy     :           (au)               -7.141195524364
 Nuclear energy        :           (au)               -0.181899409993
----------------------------------------------------------------------
 Total energy          :           (au)           -7.323094934357e+00
                       :     (kcal/mol)           -4.595311413695e+03
                       :       (kJ/mol)           -1.922678296738e+04
                       :           (eV)           -1.992715560165e+02
======================================================================


                                                                      
                                                                      
**********************************************************************
***                                                                ***
***                         Exiting MRChem                         ***
***                                                                ***
***                    Wall time :  0h  0m 40s                     ***
***                                                                ***
**********************************************************************
                                                                      
                                                                      
